run 25577069386 is still in progress; logs will be available when it is complete
